24 Sep 09:36 UK | light | none: launcher self-test after the enforcement build (smoke on the new code) | code d89453776ea1 | b370285 | load 5.26 4.67 4.56 | true
24 Sep 11:50 UK | light | none: self-test of the launcher's new smoke stamp (code-id --smoke), a cheap audit scan | code f15075f2eef3 | 610afa3 | load 5.08 4.92 4.77 | node research/solver/audit-s126.mjs scan
24 Sep 14:37 UK | main | research/solver/predictions/m14b.md | code de180680d398 | 2e6ca2a | load 1.10 1.82 3.35 | bash research/solver/batch-m14b.sh
24 Sep 16:56 UK | main | research/solver/predictions/f1v2-test.md | code 14e60143d40d | 3ab2397 | load 1.02 1.15 2.27 | bash research/solver/batch-f1v2.sh
24 Sep 18:24 UK | main | research/solver/predictions/m14c-bets.md | code ca10fa602ae6 | a72954e | load 1.57 1.40 2.31 | bash research/solver/batch-m14c.sh
24 Sep 20:08 UK | main | research/solver/predictions/m14c-bets.md | code cc636ea356b7 | df3d203 | load 1.00 1.00 1.24 | bash research/solver/batch-m14c.sh
24 Sep 22:16 UK | main | research/solver/predictions/o19-final.md | code 75d8f920dd05 | ce62ca0 | load 1.08 1.06 1.01 | bash research/solver/batch-o19.sh
25 Sep 00:37 UK | main | none: a tiny functional check of audit-s126.mjs's new quad mode (S126 at 4 points, 20 paths) before its test is registered; not a test | code bb37f6b16d58 | a3d24cd | load 1.00 0.95 1.23 | node research/solver/audit-s126.mjs quad 4 20 part 0/6
25 Sep 00:52 UK | main | research/solver/predictions/quad-ref.md | code bb37f6b16d58 | 912cbbd | load 1.17 1.05 1.02 | bash research/solver/batch-quadref.sh
25 Sep 03:47 UK | main | research/solver/predictions/bridge-quad.md | code 21c285b7474d | 26f0856 | load 1.00 1.02 1.35 | bash research/solver/batch-bridgequad.sh
25 Sep 06:45 UK | light | none:  a tiny functional check of audit-s126.mjs's new trace mode (S360 at 4 points, 20 paths) before O22's trace is registered; not a test, its figures are not read | code cbcadc6c9310 | d092207 | load 2.09 1.98 1.41 | node research/solver/audit-s126.mjs trace 4 20 S360
25 Sep 07:08 UK | main | research/solver/predictions/o22-trace.md | code cbcadc6c9310 | 3deb82d | load 1.33 1.41 1.44 | bash research/solver/batch-o22.sh
25 Sep 08:27 UK | main | none:  7k's timing of the exact final year (a measurement, no test): solvePlan alone with and without finalIntegral, 16 points, S126, S194 and S330, two alternated runs each way, on a quiet box (nothing else launched; load 0.07 at launch) | code 22c2d7818b90 | a6c430d | load 1.11 0.93 0.61 | node research/solver/audit-s126.mjs time 16 2 S126,S194,S330
25 Sep 11:35 UK | main | none: a measurement - the bridge reader's added solve time (drafts/reader-design.md check 6), judged later against 7e's 20% bar; not a test | code 3e988bad8b71 | 73e274c | load 1.41 1.19 1.06 | node research/solver/audit-s126.mjs readertime 16 2
25 Sep 20:37 UK | main | none: a measurement - the bridge reader's added solve time (drafts/reader-design.md check 6), judged later against 7e's 20% bar; not a test | code 3e988bad8b71 | e15cdd9 | load 1.81 1.23 0.64 | node research/solver/audit-s126.mjs readertime 16 2
25 Sep 22:35 UK | main | none: timing - the forward simulation's cost per 1,000 paths at 16 points, for 7e's look-2 path count (the forty-eighth review's BLOCKING 1, put to the maintainer) | code 100f24824a97 | 474b9a4 | load 1.02 0.91 0.62 | bash research/solver/batch-look2time.sh
26 Sep 06:58 UK | main | research/solver/predictions/bridge-reader.md | code 100f24824a97 | f5b3d0c | load 1.02 0.91 0.58 | bash research/solver/batch-7e.sh
26 Sep 11:27 UK | main | none: a build check of audit-s126.mjs's new diag7r mode on a 6-point grid and 40 paths for one case, not a result | code 100f24824a97 | 6f70255 | load 1.05 0.84 0.53 | node research/solver/audit-s126.mjs diag7r 6 40 part 4/5 7002
26 Sep 11:55 UK | main | none: a build check of the smoke line proposed for audit-s126.mjs's diag7r mode (S126 alone, 4 points, 20 paths), before the maintainer's unlock; not a result | code 100f24824a97 | 1815e9a | load 1.26 0.91 0.55 | node research/solver/audit-s126.mjs diag7r 4 20 part 0/5 7002
26 Sep 12:37 UK | main | none: a build check of audit-s126.mjs's diag7r mode with its two swap arms (S126 alone, 8 points, 20 paths, where the reader changes the year-0 move), before 7r's relaunch; not a result | code cc552add5f5e | 214b95a | load 1.33 1.33 0.95 | node research/solver/audit-s126.mjs diag7r 8 20 part 0/5 7002
26 Sep 12:53 UK | main | research/solver/predictions/diag-7r.md | code cc552add5f5e | d74a142 | load 1.00 0.91 0.85 | bash research/solver/batch-7r.sh
26 Sep 15:13 UK | main | research/solver/predictions/diag-7s.md | code cc552add5f5e | 911a0ae | load 1.12 0.98 0.59 | bash research/solver/batch-7s.sh
26 Sep 16:35 UK | main | none: preflight of 7t's new diag7t mode (4 points, 20 paths, 10 a world): a check that the mode and the jointWorlds option run end to end before 7t is registered; no figure from it is read | code cd1026b8ff22 | 70a8b55 | load 2.15 1.97 1.31 | node research/solver/audit-s126.mjs diag7t 4 20 part 0/5 7002 10
26 Sep 16:47 UK | main | none: preflight of 7t's diag7t mode on the final code, all five cases at 4 points, 20 paths and 10 a world: a check that every case runs and that reduce-7t.mjs parses every line; no figure from it is read | code cd1026b8ff22 | 794149a | load 3.49 2.76 2.05 | bash research/solver/preflight-7t.sh
26 Sep 17:36 UK | main | none: preflight of 7t's extended diag7t mode (learning and five-world arms added, the maintainer 26 Sep: Test all) on its code, all five cases at 4 points, 20 paths and 10 a world: a check that every case and arm runs and that the reducer's parse and gate read every line; no figure from it is read | code cd1026b8ff22 | 8823783 | load 2.00 1.69 1.32 | bash research/solver/preflight-7t.sh
26 Sep 18:49 UK | main | none: preflight of 7t's diag7t mode with the oracle arms added after the seventy-eighth review, all five cases at 4 points, 20 paths and 10 a world: a check that every case and arm runs and that the reducer's parse and gate read every line; no figure from it is read | code cd1026b8ff22 | 2945f68 | load 1.06 1.04 1.00 | bash research/solver/preflight-7t.sh
26 Sep 19:59 UK | main | research/solver/predictions/diag-7t.md | code cd1026b8ff22 | d09452b | load 1.07 1.14 1.24 | bash research/solver/batch-7t.sh
27 Sep 07:06 UK | main | none: a crash check of audit-s126.mjs's new diag7v mode while it is built (S126 alone, 4 points, 20 paths, 10 a world); no figure is read | code cd1026b8ff22 | 41306c6 | load 1.25 0.99 0.54 | node research/solver/audit-s126.mjs diag7v 4 20 part 0/9 7002 10
27 Sep 07:09 UK | main | none: 7v's timing at 30 points - S126's four solves and 17 forward runs of 1,000 paths (100 a world), to set 7v's path count and time before it is registered; no figure but the seconds is read | code cd1026b8ff22 | 39edb00 | load 0.35 0.81 0.58 | node research/solver/audit-s126.mjs diag7v 30 1000 part 0/9 7002 100
27 Sep 07:30 UK | light | none: preflight of 7v's diag7v mode on its code, all nine cases at 4 points, 20 paths and 10 a world: a check that every case runs and that reduce-7v.mjs parses every line and finds every trace; no figure from it is read | code cd1026b8ff22 | 39edb00 | load 2.50 2.19 1.64 | bash research/solver/preflight-7v.sh
27 Sep 08:13 UK | light | none: preflight of 7v's revised diag7v mode (the third deep review and the ninety-third review: 7t's lambda on the core cases, S194's world lines, the year-0 gap line) and reduce-7v.mjs's revised parse and gate, all nine cases at 4 points, 20 paths and 10 a world; no figure from it is read | code cd1026b8ff22 | ace2de9 | load 2.04 1.89 1.55 | bash research/solver/preflight-7v.sh
27 Sep 10:12 UK | main | research/solver/predictions/diag-7v.md | code cd1026b8ff22 | 5b6cf7c | load 1.01 0.98 0.70 | bash research/solver/batch-7v.sh
27 Sep 18:46 UK | main | none: 7w preflight, the diag7w mode's logs parsed by reduce-7w's gate at 4 points and 20 paths; no figure read | code cd1026b8ff22 | 1e719ad | load 1.07 1.06 0.65 | bash research/solver/preflight-7w.sh
27 Sep 19:11 UK | main | research/solver/predictions/diag-7w.md | code cd1026b8ff22 | b8ea81c | load 1.00 0.95 0.83 | bash research/solver/batch-7w.sh
27 Sep 20:49 UK | main | none: 7x preflight, the diag7x mode's logs parsed by reduce-7x's gate at 4 points, 20 paths and 10 a world; no figure read | code 505ecd8a202e | 0f1a2a0 | load 1.10 1.14 0.98 | bash research/solver/preflight-7x.sh
27 Sep 21:09 UK | main | none: 7x preflight re-run on the reader-reference revision, reduce-7x's gate at 4 points, 20 paths and 10 a world; no figure read | code bd8fe190faa4 | 99b1586 | load 1.64 1.56 1.31 | bash research/solver/preflight-7x.sh
27 Sep 21:17 UK | main | research/solver/predictions/diag-7x.md | code bd8fe190faa4 | 70b7311 | load 0.89 1.10 1.19 | bash research/solver/batch-7x.sh
27 Sep 21:50 UK | light | none: O35's diagnostic, the reader's step at the floor bill on share 0.95 per move and next year's read at 5, 15 and 201 points; a measurement, no test | code bd8fe190faa4 | 0b7cdde | load 4.40 4.41 4.12 | node research/solver/diag-o35.mjs 30
27 Sep 22:02 UK | light | none: O35's diagnostic re-run with the dense reference fixed (4,000 equal-probability points); a measurement, no test | code bd8fe190faa4 | d73b559 | load 3.09 3.94 4.14 | node research/solver/diag-o35.mjs 30
27 Sep 22:15 UK | main | none: O35's diagnostic re-run: the dense reference (4,000 equal-probability points), the planted check's sum tolerance 1e-5; a measurement, no test | code bd8fe190faa4 | 44835e6 | load 0.14 0.44 1.93 | node research/solver/diag-o35.mjs 30
27 Sep 23:05 UK | main | none: 7z preflight, the diag7z mode at 4 points and 20 paths, every unit through reduce-7z's parse and gate; no figure read | code 3ac3277fd780 | 59bbac4 | load 2.79 3.35 2.88 | bash research/solver/preflight-7z.sh
27 Sep 23:10 UK | main | research/solver/predictions/diag-7z.md | code 3ac3277fd780 | a02a546 | load 2.02 2.64 2.71 | bash research/solver/batch-7z.sh
27 Sep 23:56 UK | light | none: 7y preflight, the diag7y mode at 4 points and 20 paths, every unit through reduce-7y's parse and gate; no figure read | code d84e6bab7648 | b495eb2 | load 5.88 5.88 5.83 | bash research/solver/preflight-7y.sh
28 Sep 00:41 UK | main | research/solver/predictions/diag-7y.md | code d84e6bab7648 | 6292366 | load 0.86 0.39 0.84 | bash research/solver/batch-7y.sh
